=== RUN SUMMARY ===
==========================================
Running dataset: large1.json
==========================================
 Source in JSON = 0

=== Strongly Connected Components ===
Component 0: [10, 9]
Component 1: [14, 13, 12]
Component 2: [31]
Component 3: [30]
Component 4: [29]
Component 5: [19, 18]
Component 6: [24, 23, 22]
Component 7: [26]
Component 8: [28]
Component 9: [27]
Component 10: [25]
Component 11: [21]
Component 12: [20]
Component 13: [17]
Component 14: [16]
Component 15: [15]
Component 16: [11]
Component 17: [8]
Component 18: [7]
Component 19: [6]
Component 20: [5]
Component 21: [4]
Component 22: [3, 2]
Component 23: [1]
Component 24: [0]
 Source belongs to SCC component = 24

=== Topological Order (Condensed DAG) ===
Topo Order: [24, 23, 22, 21, 20, 19, 18, 17, 0, 16, 1, 15, 14, 13, 5, 12, 11, 6, 10, 7, 9, 8, 4, 3, 2]

=== Shortest & Longest Paths ===
[INFO] Using source component: 24
[INFO] Using source component: 24
=== Shortest Distances from Component 24 ===
Node 0: 22.0
Node 1: 24.0
Node 2: 25.0
Node 3: 23.0
Node 4: 20.0
Node 5: 31.0
Node 6: 38.0
Node 7: 41.0
Node 8: 18.0
Node 9: 15.0
Node 10: 38.0
Node 11: 36.0
Node 12: 33.0
Node 13: 29.0
Node 14: 26.0
Node 15: 24.0
Node 16: 21.0
Node 17: 19.0
Node 18: 17.0
Node 19: 13.0
Node 20: 10.0
Node 21: 8.0
Node 22: 5.0
Node 23: 2.0
Node 24: 0.0

=== Critical Path Summary ===
Start: 24
End: 2
Length: 50.0


==========================================
 Running dataset: large2.json
==========================================
 Source in JSON = 0

=== Strongly Connected Components ===
Component 0: [10, 9, 8]
Component 1: [14, 13]
Component 2: [20, 19, 18]
Component 3: [28, 27]
Component 4: [35]
Component 5: [34]
Component 6: [33]
Component 7: [32]
Component 8: [31]
Component 9: [30]
Component 10: [29]
Component 11: [26]
Component 12: [25]
Component 13: [24]
Component 14: [23]
Component 15: [22]
Component 16: [21]
Component 17: [17]
Component 18: [16]
Component 19: [15]
Component 20: [12]
Component 21: [11]
Component 22: [7]
Component 23: [6]
Component 24: [5]
Component 25: [4]
Component 26: [3, 2]
Component 27: [1]
Component 28: [0]
 Source belongs to SCC component = 28

=== Topological Order (Condensed DAG) ===
Topo Order: [28, 27, 26, 25, 24, 23, 22, 0, 21, 20, 1, 19, 18, 17, 2, 16, 15, 14, 13, 12, 11, 3, 10, 9, 8, 7, 6, 5, 4]

=== Shortest & Longest Paths ===
[INFO] Using source component: 28
[INFO] Using source component: 28
=== Shortest Distances from Component 28 ===
Node 0: 16.0
Node 1: 22.0
Node 2: 28.0
Node 3: 43.0
Node 4: 57.0
Node 5: 55.0
Node 6: 52.0
Node 7: 50.0
Node 8: 48.0
Node 9: 46.0
Node 10: 44.0
Node 11: 41.0
Node 12: 39.0
Node 13: 36.0
Node 14: 34.0
Node 15: 31.0
Node 16: 29.0
Node 17: 26.0
Node 18: 24.0
Node 19: 22.0
Node 20: 19.0
Node 21: 17.0
Node 22: 14.0
Node 23: 12.0
Node 24: 9.0
Node 25: 7.0
Node 26: 4.0
Node 27: 2.0
Node 28: 0.0

=== Critical Path Summary ===
Start: 28
End: 4
Length: 57.0


==========================================
 Running dataset: large3.json
==========================================
 Source in JSON = 0

=== Strongly Connected Components ===
Component 0: [19, 18, 17]
Component 1: [16]
Component 2: [37, 36, 35]
Component 3: [28, 27, 26, 31, 30, 29]
Component 4: [15, 14, 25, 24, 23, 22, 21, 20]
Component 5: [6]
Component 6: [34, 33, 32]
Component 7: [3]
Component 8: [5, 2, 39, 38, 13, 12, 11, 10, 9, 8, 7, 4, 1, 0]
 Source belongs to SCC component = 8

=== Topological Order (Condensed DAG) ===
Topo Order: [8, 7, 4, 5, 6, 1, 3, 2, 0]

=== Shortest & Longest Paths ===
[INFO] Using source component: 8
[INFO] Using source component: 8
=== Shortest Distances from Component 8 ===
Node 0: 8.0
Node 1: 5.0
Node 2: 8.0
Node 3: 4.0
Node 4: 3.0
Node 5: 4.0
Node 6: 5.0
Node 7: 2.0
Node 8: 0.0

=== Critical Path Summary ===
Start: 8
End: 0
Length: 13.0


==========================================
 Running dataset: medium1.json
==========================================
 Source in JSON = 0

=== Strongly Connected Components ===
Component 0: [11]
Component 1: [10]
Component 2: [5, 4]
Component 3: [1]
Component 4: [9, 8]
Component 5: [2]
Component 6: [7, 6]
Component 7: [3]
Component 8: [0]
 Source belongs to SCC component = 8

=== Topological Order (Condensed DAG) ===
Topo Order: [8, 3, 5, 7, 2, 4, 6, 1, 0]

=== Shortest & Longest Paths ===
[INFO] Using source component: 8
[INFO] Using source component: 8
=== Shortest Distances from Component 8 ===
Node 0: 9.0
Node 1: 7.0
Node 2: 4.0
Node 3: 2.0
Node 4: 6.0
Node 5: 3.0
Node 6: 4.0
Node 7: 2.0
Node 8: 0.0

=== Critical Path Summary ===
Start: 8
End: 0
Length: 12.0


==========================================
 Running dataset: medium2.json
==========================================
 Source in JSON = 0

=== Strongly Connected Components ===
Component 0: [11, 10]
Component 1: [13]
Component 2: [12]
Component 3: [9]
Component 4: [1]
Component 5: [2]
Component 6: [6, 5]
Component 7: [8, 7]
Component 8: [4]
Component 9: [3]
Component 10: [0]
 Source belongs to SCC component = 10

=== Topological Order (Condensed DAG) ===
Topo Order: [10, 4, 5, 9, 0, 8, 3, 6, 7, 2, 1]

=== Shortest & Longest Paths ===
[INFO] Using source component: 10
[INFO] Using source component: 10
=== Shortest Distances from Component 10 ===
Node 0: 4.0
Node 1: 8.0
Node 2: 6.0
Node 3: 4.0
Node 4: 2.0
Node 5: 2.0
Node 6: 7.0
Node 7: 8.0
Node 8: 5.0
Node 9: 3.0
Node 10: 0.0

=== Critical Path Summary ===
Start: 10
End: 1
Length: 11.0


==========================================
 Running dataset: medium3.json
==========================================
 Source in JSON = 0

=== Strongly Connected Components ===
Component 0: [13, 12, 11]
Component 1: [14]
Component 2: [6]
Component 3: [5]
Component 4: [4]
Component 5: [3]
Component 6: [10]
Component 7: [9, 8]
Component 8: [7]
Component 9: [2]
Component 10: [1]
Component 11: [0]
 Source belongs to SCC component = 11

=== Topological Order (Condensed DAG) ===
Topo Order: [11, 10, 9, 5, 8, 4, 7, 3, 6, 2, 0, 1]

=== Shortest & Longest Paths ===
[INFO] Using source component: 11
[INFO] Using source component: 11
=== Shortest Distances from Component 11 ===
Node 0: 16.0
Node 1: 14.0
Node 2: 13.0
Node 3: 11.0
Node 4: 8.0
Node 5: 6.0
Node 6: 11.0
Node 7: 9.0
Node 8: 7.0
Node 9: 4.0
Node 10: 2.0
Node 11: 0.0

=== Critical Path Summary ===
Start: 11
End: 1
Length: 17.0


==========================================
 Running dataset: small1.json
==========================================
 Source in JSON = 0

=== Strongly Connected Components ===
Component 0: [7]
Component 1: [6, 5, 4, 3]
Component 2: [2]
Component 3: [1]
Component 4: [0]
 Source belongs to SCC component = 4

=== Topological Order (Condensed DAG) ===
Topo Order: [4, 3, 2, 1, 0]

=== Shortest & Longest Paths ===
[INFO] Using source component: 4
[INFO] Using source component: 4
=== Shortest Distances from Component 4 ===
Node 0: 10.0
Node 1: 7.0
Node 2: 5.0
Node 3: 2.0
Node 4: 0.0

=== Critical Path Summary ===
Start: 4
End: 0
Length: 11.0


==========================================
 Running dataset: small2.json
==========================================
 Source in JSON = 0

=== Strongly Connected Components ===
Component 0: [5]
Component 1: [4, 3, 2]
Component 2: [6]
Component 3: [1]
Component 4: [0]
 Source belongs to SCC component = 4

=== Topological Order (Condensed DAG) ===
Topo Order: [4, 3, 1, 2, 0]

=== Shortest & Longest Paths ===
[INFO] Using source component: 4
[INFO] Using source component: 4
=== Shortest Distances from Component 4 ===
Node 0: 7.0
Node 1: 4.0
Node 2: 6.0
Node 3: 2.0
Node 4: 0.0

=== Critical Path Summary ===
Start: 4
End: 0
Length: 8.0


==========================================
 Running dataset: small3.json
==========================================
 Source in JSON = 0

=== Strongly Connected Components ===
Component 0: [7]
Component 1: [5, 4, 3]
Component 2: [6]
Component 3: [2]
Component 4: [1]
Component 5: [0]
 Source belongs to SCC component = 5

=== Topological Order (Condensed DAG) ===
Topo Order: [5, 4, 3, 1, 2, 0]

=== Shortest & Longest Paths ===
[INFO] Using source component: 5
[INFO] Using source component: 5
=== Shortest Distances from Component 5 ===
Node 0: 12.0
Node 1: 7.0
Node 2: 9.0
Node 3: 5.0
Node 4: 2.0
Node 5: 0.0

=== Critical Path Summary ===
Start: 5
End: 0
Length: 12.0


==========================================
 Running dataset: tasks.json
==========================================
 Source in JSON = 4

=== Strongly Connected Components ===
Component 0: [3, 2, 1]
Component 1: [0]
Component 2: [7]
Component 3: [6]
Component 4: [5]
Component 5: [4]
 Source belongs to SCC component = 5

=== Topological Order (Condensed DAG) ===
Topo Order: [1, 5, 0, 4, 3, 2]

=== Shortest & Longest Paths ===
[INFO] Using source component: 5
[INFO] Using source component: 5
=== Shortest Distances from Component 5 ===
Node 0: ∞
Node 1: ∞
Node 2: 8.0
Node 3: 7.0
Node 4: 2.0
Node 5: 0.0

=== Critical Path Summary ===
Start: 5
End: 2
Length: 8.0

